\BOOKMARK [1][-]{section.1}{\376\377\137\025\212\000}{}% 1
\BOOKMARK [2][-]{subsection.1.1}{\376\377\225\356\230\230\166\204\143\320\121\372}{section.1}% 2
\BOOKMARK [2][-]{subsection.1.2}{\376\377\124\362\133\146\121\110\232\161\116\016\164\006\213\272\156\012\156\220}{section.1}% 3
\BOOKMARK [2][-]{subsection.1.3}{\376\377\150\070\137\303\120\107\213\276}{section.1}% 4
\BOOKMARK [1][-]{section.2}{\376\377\164\006\213\272\127\372\167\363\377\032\116\316\174\222\133\120\122\060\174\373\176\337}{}% 5
\BOOKMARK [2][-]{subsection.2.1}{\376\377\174\222\133\120\166\204\040\034\123\237\140\305\141\037\040\035}{section.2}% 6
\BOOKMARK [2][-]{subsection.2.2}{\376\377\174\373\176\337\136\372\152\041}{section.2}% 7
\BOOKMARK [2][-]{subsection.2.3}{\376\377\131\015\147\102\136\246\000C\166\204\133\232\116\111}{section.2}% 8
\BOOKMARK [2][-]{subsection.2.4}{\376\377\145\164\124\010\117\341\140\157\221\317}{section.2}% 9
\BOOKMARK [2][-]{subsection.2.5}{\376\377\142\323\142\121\140\305\141\037\146\040\134\004\173\227\133\120}{section.2}% 10
\BOOKMARK [1][-]{section.3}{\376\377\140\305\141\037\155\214\163\260\166\204\145\160\133\146\137\142\137\017}{}% 11
\BOOKMARK [2][-]{subsection.3.1}{\376\377\133\217\211\302\140\305\141\037\127\072\145\271\172\013}{section.3}% 12
\BOOKMARK [2][-]{subsection.3.2}{\376\377\116\313\215\050\145\340\121\163\140\047\133\232\164\006}{section.3}% 13
\BOOKMARK [1][-]{section.4}{\376\377\000A\000I\140\305\141\037\377\032\122\006\174\173\060\001\123\302\145\160\123\026\116\016\123\357\166\321\155\113\140\047}{}% 14
\BOOKMARK [2][-]{subsection.4.1}{\376\377\000A\000I\166\204\140\305\141\037\176\364\136\246}{section.4}% 15
\BOOKMARK [2][-]{subsection.4.2}{\376\377\000A\000I\140\305\141\037\166\204\131\051\161\066\123\357\166\321\155\113\140\047}{section.4}% 16
\BOOKMARK [2][-]{subsection.4.3}{\376\377\140\305\141\037\122\250\122\233\133\146\145\271\172\013}{section.4}% 17
\BOOKMARK [2][-]{subsection.4.4}{\376\377\140\305\141\037\140\357\140\047}{section.4}% 18
\BOOKMARK [1][-]{section.5}{\376\377\140\305\141\037\000-\210\114\116\072\230\204\155\113\152\041\127\213}{}% 19
\BOOKMARK [2][-]{subsection.5.1}{\376\377\210\114\116\072\167\342\221\317}{section.5}% 20
\BOOKMARK [2][-]{subsection.5.2}{\376\377\230\204\155\113\123\357\210\114\140\047\133\232\164\006}{section.5}% 21
\BOOKMARK [2][-]{subsection.5.3}{\376\377\200\003\206\121\140\357\140\047\166\204\230\204\155\113\117\356\153\143}{section.5}% 22
\BOOKMARK [2][-]{subsection.5.4}{\376\377\230\204\155\113\152\041\127\213\147\204\136\372}{section.5}% 23
\BOOKMARK [1][-]{section.6}{\376\377\000A\000I\116\016\116\272\174\173\140\305\141\037\166\204\153\324\217\203}{}% 24
\BOOKMARK [2][-]{subsection.6.1}{\376\377\124\014\156\220\140\047\213\301\146\016}{section.6}% 25
\BOOKMARK [2][-]{subsection.6.2}{\376\377\135\356\137\002\147\145\156\220\377\032\162\151\164\006\176\246\147\137\116\016\140\357\140\047}{section.6}% 26
\BOOKMARK [2][-]{subsection.6.3}{\376\377\140\305\141\037\230\221\163\207\116\016\215\050\141\037\377\032\215\205\215\212\137\072\136\246\166\204\136\246\221\317}{section.6}% 27
\BOOKMARK [2][-]{subsection.6.4}{\376\377\136\224\165\050\135\356\137\002}{section.6}% 28
\BOOKMARK [1][-]{section.7}{\376\377\116\016\000S\000C\000A\000C\164\006\213\272\166\204\176\337\116\000}{}% 29
\BOOKMARK [2][-]{subsection.7.1}{\376\377\000S\000C\000A\000C\126\336\230\176}{section.7}% 30
\BOOKMARK [2][-]{subsection.7.2}{\376\377\140\305\141\037\000-\164\006\140\047\000-\162\151\164\006\176\246\147\137\116\011\211\322}{section.7}% 31
\BOOKMARK [3][-]{subsubsection.7.2.1}{\376\377\164\006\140\047\166\204\145\160\133\146\133\232\116\111}{subsection.7.2}% 32
\BOOKMARK [3][-]{subsubsection.7.2.2}{\376\377\164\006\140\047\226\010\120\074\166\204\155\214\163\260}{subsection.7.2}% 33
\BOOKMARK [3][-]{subsubsection.7.2.3}{\376\377\162\151\164\006\176\246\147\137\377\032\140\305\141\037\166\204\173\074\133\120}{subsection.7.2}% 34
\BOOKMARK [3][-]{subsubsection.7.2.4}{\376\377\116\011\211\322\133\214\131\007\140\047\133\232\164\006}{subsection.7.2}% 35
\BOOKMARK [3][-]{subsubsection.7.2.5}{\376\377\116\016\000S\000C\000A\000C\133\232\164\006\166\204\133\371\136\224}{subsection.7.2}% 36
\BOOKMARK [3][-]{subsubsection.7.2.6}{\376\377\176\337\116\000\133\214\131\007\140\047\133\232\164\006}{subsection.7.2}% 37
\BOOKMARK [3][-]{subsubsection.7.2.7}{\376\377\133\236\117\213\232\214\213\301}{subsection.7.2}% 38
\BOOKMARK [3][-]{subsubsection.7.2.8}{\376\377\164\006\213\272\141\017\116\111}{subsection.7.2}% 39
\BOOKMARK [1][-]{section.8}{\376\377\000A\000I\140\305\141\037\166\321\155\113\166\204\136\224\165\050\150\106\147\266}{}% 40
\BOOKMARK [2][-]{subsection.8.1}{\376\377\133\236\145\366\166\321\155\113\174\373\176\337}{section.8}% 41
\BOOKMARK [2][-]{subsection.8.2}{\376\377\200\003\206\121\140\357\140\047\166\204\210\114\116\072\230\204\155\113}{section.8}% 42
\BOOKMARK [2][-]{subsection.8.3}{\376\377\140\305\141\037\214\003\202\202}{section.8}% 43
\BOOKMARK [1][-]{section.9}{\376\377\117\046\164\006\124\057\171\072}{}% 44
\BOOKMARK [2][-]{subsection.9.1}{\376\377\000A\000I\147\103\122\051\377\032\116\316\135\345\121\167\122\060\116\073\117\123}{section.9}% 45
\BOOKMARK [2][-]{subsection.9.2}{\376\377\213\276\213\241\215\043\116\373\377\032\134\012\221\315\140\305\141\037\162\266\140\001}{section.9}% 46
\BOOKMARK [2][-]{subsection.9.3}{\376\377\123\357\143\247\140\047\377\032\133\211\121\150\116\016\117\046\164\006\166\204\136\163\210\141}{section.9}% 47
\BOOKMARK [2][-]{subsection.9.4}{\376\377\140\357\140\047\117\046\164\006\377\032\236\317\140\047\166\204\123\314\221\315\141\017\116\111}{section.9}% 48
\BOOKMARK [2][-]{subsection.9.5}{\376\377\117\046\164\006\217\271\165\114\377\032\166\321\155\113\166\204\156\345\165\050\230\316\226\151}{section.9}% 49
\BOOKMARK [1][-]{section.10}{\376\377\140\305\141\037\217\336\176\355\214\061\174\373\377\010\124\053\140\357\140\047\377\011}{}% 50
\BOOKMARK [2][-]{subsection.10.1}{\376\377\214\061\174\373\166\204\217\336\176\355\140\047\162\171\137\201}{section.10}% 51
\BOOKMARK [2][-]{subsection.10.2}{\376\377\214\061\174\373\166\204\124\362\133\146\141\017\116\111}{section.10}% 52
\BOOKMARK [1][-]{section.11}{\376\377\176\323\213\272}{}% 53
\BOOKMARK [2][-]{subsection.11.1}{\376\377\150\070\137\303\215\041\163\056}{section.11}% 54
\BOOKMARK [2][-]{subsection.11.2}{\376\377\164\006\213\272\141\017\116\111}{section.11}% 55
\BOOKMARK [2][-]{subsection.11.3}{\376\377\147\000\124\016\166\204\133\232\164\006}{section.11}% 56
\BOOKMARK [2][-]{subsection.11.4}{\376\377\147\052\147\145\135\345\117\134}{section.11}% 57
\BOOKMARK [1][-]{section.12}{\376\377\152\041\142\337\232\214\213\301\377\032\171\136\176\317\177\121\176\334\140\305\141\037\155\214\163\260\166\204\150\007\136\246\137\213}{}% 58
\BOOKMARK [2][-]{subsection.12.1}{\376\377\133\236\232\214\213\276\213\241}{section.12}% 59
\BOOKMARK [2][-]{subsection.12.2}{\376\377\176\323\147\234\116\016\122\006\147\220}{section.12}% 60
\BOOKMARK [2][-]{subsection.12.3}{\376\377\176\323\213\272}{section.12}% 61
\BOOKMARK [1][-]{appendix.A}{\376\377\173\046\123\367\210\150}{}% 62
